Component: ARM Compiler 5.06 update 6 (build 750) Tool: armlink [4d35ed]

==============================================================================

Section Cross References



==============================================================================

Image Symbol Table

    Local Symbols

    Symbol Name                              Value     Ov Type        Size  Object(Section)

    ARMex                                    0x00000000   Section      104  problem.o(ARMex)
    problem.s                                0x00000000   Number         0  problem.o ABSOLUTE
    problem2.s                               0x00000000   Number         0  problem2.o ABSOLUTE
    problem3-1.s                             0x00000000   Number         0  problem3-1.o ABSOLUTE
    problem3-2.s                             0x00000000   Number         0  problem3-2.o ABSOLUTE
    problem3-3.s                             0x00000000   Number         0  problem3-3.o ABSOLUTE
    arr1                                     0x00000048   Data          10  problem.o(ARMex)
    arr2                                     0x00000052   Data          11  problem.o(ARMex)
    ARMex                                    0x00000068   Section       84  problem2.o(ARMex)
    array                                    0x0000008c   Data          40  problem2.o(ARMex)
    ARMex                                    0x000000bc   Section       44  problem3-2.o(ARMex)
    ARMex                                    0x000000e8   Section      144  problem3-3.o(ARMex)
    array                                    0x00000148   Data          40  problem3-3.o(ARMex)
    ARMex                                    0x00000178   Section       68  problem3-1.o(ARMex)

    Global Symbols

    Symbol Name                              Value     Ov Type        Size  Object(Section)

    BuildAttributes$$THM_ISAv2$ARM_ISAv5$E$P$S$PE$A:L22$X:L11$S22$IEEE1$IW$USESV6$~STKCKD$USESV7$~SHL$OSPACE$EBA8$STANDARDLIB$PRES8$EABIv2 0x00000000   Number         0  anon$$obj.o ABSOLUTE



==============================================================================

Memory Map of the image

  Image Entry point : 0x00000000

  Load Region LR_1 (Base: 0x00000000, Size: 0x000001bc, Max: 0xffffffff, ABSOLUTE)

    Execution Region ER_RO (Exec base: 0x00000000, Load base: 0x00000000, Size: 0x000001bc, Max: 0xffffffff, ABSOLUTE)

    Exec Addr    Load Addr    Size         Type   Attr      Idx    E Section Name        Object

    0x00000000   0x00000000   0x00000068   Code   RO            1  * ARMex               problem.o
    0x00000068   0x00000068   0x00000054   Code   RO            6  * ARMex               problem2.o
    0x000000bc   0x000000bc   0x0000002c   Code   RO            9  * ARMex               problem3-2.o
    0x000000e8   0x000000e8   0x00000090   Code   RO           12  * ARMex               problem3-3.o
    0x00000178   0x00000178   0x00000044   Code   RO           15  * ARMex               problem3-1.o


    Execution Region ER_RW (Exec base: 0x00000000, Load base: 0x000001bc, Size: 0x00000000, Max: 0xffffffff, ABSOLUTE)

    **** No section assigned to this execution region ****


    Execution Region ER_ZI (Exec base: 0x00000000, Load base: 0x000001bc, Size: 0x00000000, Max: 0xffffffff, ABSOLUTE)

    **** No section assigned to this execution region ****


==============================================================================

Image component sizes


      Code (inc. data)   RO Data    RW Data    ZI Data      Debug   Object Name

       104         36          0          0          0        292   problem.o
        84         48          0          0          0        252   problem2.o
        68          4          0          0          0        268   problem3-1.o
        44          4          0          0          0        260   problem3-2.o
       144         48          0          0          0        276   problem3-3.o

    ----------------------------------------------------------------------
       444        140          0          0          0       1348   Object Totals
         0          0          0          0          0          0   (incl. Generated)
         0          0          0          0          0          0   (incl. Padding)

    ----------------------------------------------------------------------
         0          0          0          0          0          0   Library Totals
         0          0          0          0          0          0   (incl. Padding)

    ----------------------------------------------------------------------

==============================================================================


      Code (inc. data)   RO Data    RW Data    ZI Data      Debug   

       444        140          0          0          0       1348   Grand Totals
       444        140          0          0          0       1348   ELF Image Totals
       444        140          0          0          0          0   ROM Totals

==============================================================================

    Total RO  Size (Code + RO Data)                  444 (   0.43kB)
    Total RW  Size (RW Data + ZI Data)                 0 (   0.00kB)
    Total ROM Size (Code + RO Data + RW Data)        444 (   0.43kB)

==============================================================================

