<html>
<body>
<pre>
<h1>µVision Build Log</h1>
<h2>Tool Versions:</h2>
IDE-Version: •ÏVision V5.29.0.0
Copyright (C) 2019 ARM Ltd and ARM Germany GmbH. All rights reserved.
License Information: kanghyun lee, a, LIC=----
 
Tool Versions:
Toolchain:       MDK-Lite  Version: 5.29.0.0
Toolchain Path:  C:\Users\dlrkd\homework\kanghyun\onedrive\2-2\keli\ARM\ARMCC\Bin
C Compiler:      Armcc.exe V5.06 update 6 (build 750)
Assembler:       Armasm.exe V5.06 update 6 (build 750)
Linker/Locator:  ArmLink.exe V5.06 update 6 (build 750)
Library Manager: ArmAr.exe V5.06 update 6 (build 750)
Hex Converter:   FromElf.exe V5.06 update 6 (build 750)
CPU DLL:         SARM.DLL V5.29.0.0
Dialog DLL:      DARMP3.DLL 
<h2>Project:</h2>
C:\Users\dlrkd\homework\kanghyun\onedrive\2-2\assembly_folder\assignment\week4\assignment2.uvproj
Project File Date:  09/30/2022

<h2>Output:</h2>
*** Using Compiler 'V5.06 update 6 (build 750)', folder: 'C:\Users\dlrkd\homework\kanghyun\onedrive\2-2\keli\ARM\ARMCC\Bin'
Build target 'Target 1'
assembling problem1.s...
assembling problem2.s...
linking...
Program Size: Code=156 RO-data=0 RW-data=0 ZI-data=0  
".\Objects\assignment2.axf" - 0 Error(s), 0 Warning(s).
Build Time Elapsed:  00:00:00
</pre>
</body>
</html>
