------------------------------------------------------------
Timing Analyzer Summary
------------------------------------------------------------

Type  : Slow 1100mV 85C Model Setup 'clk'
Slack : -0.228
TNS   : -0.503

Type  : Slow 1100mV 85C Model Hold 'clk'
Slack : 0.319
TNS   : 0.000

Type  : Slow 1100mV 85C Model Minimum Pulse Width 'clk'
Slack : -0.394
TNS   : -2.095

Type  : Slow 1100mV 0C Model Setup 'clk'
Slack : -0.267
TNS   : -0.626

Type  : Slow 1100mV 0C Model Hold 'clk'
Slack : 0.303
TNS   : 0.000

Type  : Slow 1100mV 0C Model Minimum Pulse Width 'clk'
Slack : -0.394
TNS   : -2.283

Type  : Fast 1100mV 85C Model Setup 'clk'
Slack : 0.305
TNS   : 0.000

Type  : Fast 1100mV 85C Model Hold 'clk'
Slack : 0.175
TNS   : 0.000

Type  : Fast 1100mV 85C Model Minimum Pulse Width 'clk'
Slack : -0.078
TNS   : -0.306

Type  : Fast 1100mV 0C Model Setup 'clk'
Slack : 0.324
TNS   : 0.000

Type  : Fast 1100mV 0C Model Hold 'clk'
Slack : 0.161
TNS   : 0.000

Type  : Fast 1100mV 0C Model Minimum Pulse Width 'clk'
Slack : -0.078
TNS   : -0.308

------------------------------------------------------------
