------------------------------------------------------------
Timing Analyzer Summary
------------------------------------------------------------

Type  : Slow 1100mV 85C Model Setup 'clk'
Slack : 1.165
TNS   : 0.000

Type  : Slow 1100mV 85C Model Hold 'clk'
Slack : 0.327
TNS   : 0.000

Type  : Slow 1100mV 85C Model Minimum Pulse Width 'clk'
Slack : 2.875
TNS   : 0.000

Type  : Slow 1100mV 0C Model Setup 'clk'
Slack : 1.388
TNS   : 0.000

Type  : Slow 1100mV 0C Model Hold 'clk'
Slack : 0.307
TNS   : 0.000

Type  : Slow 1100mV 0C Model Minimum Pulse Width 'clk'
Slack : 2.802
TNS   : 0.000

Type  : Fast 1100mV 85C Model Setup 'clk'
Slack : 3.602
TNS   : 0.000

Type  : Fast 1100mV 85C Model Hold 'clk'
Slack : 0.184
TNS   : 0.000

Type  : Fast 1100mV 85C Model Minimum Pulse Width 'clk'
Slack : 2.920
TNS   : 0.000

Type  : Fast 1100mV 0C Model Setup 'clk'
Slack : 3.902
TNS   : 0.000

Type  : Fast 1100mV 0C Model Hold 'clk'
Slack : 0.166
TNS   : 0.000

Type  : Fast 1100mV 0C Model Minimum Pulse Width 'clk'
Slack : 2.918
TNS   : 0.000

------------------------------------------------------------
